Analysis & Synthesis report for CA5
Thu Dec 26 08:56:21 2019
Quartus II 64-Bit Version 13.0.1 Build 232 06/12/2013 Service Pack 1 SJ Web Edition


---------------------
; Table of Contents ;
---------------------
  1. Legal Notice
  2. Analysis & Synthesis Summary
  3. Analysis & Synthesis Settings
  4. Parallel Compilation
  5. Analysis & Synthesis Source Files Read
  6. Analysis & Synthesis Resource Usage Summary
  7. Analysis & Synthesis Resource Utilization by Entity
  8. State Machine - |CA5|controller:inst6|ps
  9. User-Specified and Inferred Latches
 10. Registers Removed During Synthesis
 11. General Register Statistics
 12. Multiplexer Restructuring Statistics (Restructuring Performed)
 13. Elapsed Time Per Partition
 14. Analysis & Synthesis Messages



----------------
; Legal Notice ;
----------------
Copyright (C) 1991-2013 Altera Corporation
Your use of Altera Corporation's design tools, logic functions 
and other software and tools, and its AMPP partner logic 
functions, and any output files from any of the foregoing 
(including device programming or simulation files), and any 
associated documentation or information are expressly subject 
to the terms and conditions of the Altera Program License 
Subscription Agreement, Altera MegaCore Function License 
Agreement, or other applicable license agreement, including, 
without limitation, that your use is for the sole purpose of 
programming logic devices manufactured by Altera and sold by 
Altera or its authorized distributors.  Please refer to the 
applicable agreement for further details.



+--------------------------------------------------------------------------------------+
; Analysis & Synthesis Summary                                                         ;
+------------------------------------+-------------------------------------------------+
; Analysis & Synthesis Status        ; Successful - Thu Dec 26 08:56:21 2019           ;
; Quartus II 64-Bit Version          ; 13.0.1 Build 232 06/12/2013 SP 1 SJ Web Edition ;
; Revision Name                      ; CA5                                             ;
; Top-level Entity Name              ; CA5                                             ;
; Family                             ; Cyclone IV GX                                   ;
; Total logic elements               ; 158                                             ;
;     Total combinational functions  ; 152                                             ;
;     Dedicated logic registers      ; 11                                              ;
; Total registers                    ; 11                                              ;
; Total pins                         ; 20                                              ;
; Total virtual pins                 ; 0                                               ;
; Total memory bits                  ; 0                                               ;
; Embedded Multiplier 9-bit elements ; 0                                               ;
; Total GXB Receiver Channel PCS     ; 0                                               ;
; Total GXB Receiver Channel PMA     ; 0                                               ;
; Total GXB Transmitter Channel PCS  ; 0                                               ;
; Total GXB Transmitter Channel PMA  ; 0                                               ;
; Total PLLs                         ; 0                                               ;
+------------------------------------+-------------------------------------------------+


+----------------------------------------------------------------------------------------------------------------------+
; Analysis & Synthesis Settings                                                                                        ;
+----------------------------------------------------------------------------+--------------------+--------------------+
; Option                                                                     ; Setting            ; Default Value      ;
+----------------------------------------------------------------------------+--------------------+--------------------+
; Device                                                                     ; EP4CGX15BF14A7     ;                    ;
; Top-level entity name                                                      ; CA5                ; CA5                ;
; Family name                                                                ; Cyclone IV GX      ; Cyclone IV GX      ;
; Use smart compilation                                                      ; Off                ; Off                ;
; Enable parallel Assembler and TimeQuest Timing Analyzer during compilation ; On                 ; On                 ;
; Enable compact report table                                                ; Off                ; Off                ;
; Restructure Multiplexers                                                   ; Auto               ; Auto               ;
; Create Debugging Nodes for IP Cores                                        ; Off                ; Off                ;
; Preserve fewer node names                                                  ; On                 ; On                 ;
; Disable OpenCore Plus hardware evaluation                                  ; Off                ; Off                ;
; Verilog Version                                                            ; Verilog_2001       ; Verilog_2001       ;
; VHDL Version                                                               ; VHDL_1993          ; VHDL_1993          ;
; State Machine Processing                                                   ; Auto               ; Auto               ;
; Safe State Machine                                                         ; Off                ; Off                ;
; Extract Verilog State Machines                                             ; On                 ; On                 ;
; Extract VHDL State Machines                                                ; On                 ; On                 ;
; Ignore Verilog initial constructs                                          ; Off                ; Off                ;
; Iteration limit for constant Verilog loops                                 ; 5000               ; 5000               ;
; Iteration limit for non-constant Verilog loops                             ; 250                ; 250                ;
; Add Pass-Through Logic to Inferred RAMs                                    ; On                 ; On                 ;
; Infer RAMs from Raw Logic                                                  ; On                 ; On                 ;
; Parallel Synthesis                                                         ; On                 ; On                 ;
; DSP Block Balancing                                                        ; Auto               ; Auto               ;
; NOT Gate Push-Back                                                         ; On                 ; On                 ;
; Power-Up Don't Care                                                        ; On                 ; On                 ;
; Remove Redundant Logic Cells                                               ; Off                ; Off                ;
; Remove Duplicate Registers                                                 ; On                 ; On                 ;
; Ignore CARRY Buffers                                                       ; Off                ; Off                ;
; Ignore CASCADE Buffers                                                     ; Off                ; Off                ;
; Ignore GLOBAL Buffers                                                      ; Off                ; Off                ;
; Ignore ROW GLOBAL Buffers                                                  ; Off                ; Off                ;
; Ignore LCELL Buffers                                                       ; Off                ; Off                ;
; Ignore SOFT Buffers                                                        ; On                 ; On                 ;
; Limit AHDL Integers to 32 Bits                                             ; Off                ; Off                ;
; Optimization Technique                                                     ; Balanced           ; Balanced           ;
; Carry Chain Length                                                         ; 70                 ; 70                 ;
; Auto Carry Chains                                                          ; On                 ; On                 ;
; Auto Open-Drain Pins                                                       ; On                 ; On                 ;
; Perform WYSIWYG Primitive Resynthesis                                      ; Off                ; Off                ;
; Auto ROM Replacement                                                       ; On                 ; On                 ;
; Auto RAM Replacement                                                       ; On                 ; On                 ;
; Auto DSP Block Replacement                                                 ; On                 ; On                 ;
; Auto Shift Register Replacement                                            ; Auto               ; Auto               ;
; Allow Shift Register Merging across Hierarchies                            ; Auto               ; Auto               ;
; Auto Clock Enable Replacement                                              ; On                 ; On                 ;
; Strict RAM Replacement                                                     ; Off                ; Off                ;
; Allow Synchronous Control Signals                                          ; On                 ; On                 ;
; Force Use of Synchronous Clear Signals                                     ; Off                ; Off                ;
; Auto RAM Block Balancing                                                   ; On                 ; On                 ;
; Auto RAM to Logic Cell Conversion                                          ; Off                ; Off                ;
; Auto Resource Sharing                                                      ; Off                ; Off                ;
; Allow Any RAM Size For Recognition                                         ; Off                ; Off                ;
; Allow Any ROM Size For Recognition                                         ; Off                ; Off                ;
; Allow Any Shift Register Size For Recognition                              ; Off                ; Off                ;
; Use LogicLock Constraints during Resource Balancing                        ; On                 ; On                 ;
; Ignore translate_off and synthesis_off directives                          ; Off                ; Off                ;
; Timing-Driven Synthesis                                                    ; On                 ; On                 ;
; Report Parameter Settings                                                  ; On                 ; On                 ;
; Report Source Assignments                                                  ; On                 ; On                 ;
; Report Connectivity Checks                                                 ; On                 ; On                 ;
; Ignore Maximum Fan-Out Assignments                                         ; Off                ; Off                ;
; Synchronization Register Chain Length                                      ; 2                  ; 2                  ;
; PowerPlay Power Optimization                                               ; Normal compilation ; Normal compilation ;
; HDL message level                                                          ; Level2             ; Level2             ;
; Suppress Register Optimization Related Messages                            ; Off                ; Off                ;
; Number of Removed Registers Reported in Synthesis Report                   ; 5000               ; 5000               ;
; Number of Swept Nodes Reported in Synthesis Report                         ; 5000               ; 5000               ;
; Number of Inverted Registers Reported in Synthesis Report                  ; 100                ; 100                ;
; Clock MUX Protection                                                       ; On                 ; On                 ;
; Auto Gated Clock Conversion                                                ; Off                ; Off                ;
; Block Design Naming                                                        ; Auto               ; Auto               ;
; SDC constraint protection                                                  ; Off                ; Off                ;
; Synthesis Effort                                                           ; Auto               ; Auto               ;
; Shift Register Replacement - Allow Asynchronous Clear Signal               ; On                 ; On                 ;
; Pre-Mapping Resynthesis Optimization                                       ; Off                ; Off                ;
; Analysis & Synthesis Message Level                                         ; Medium             ; Medium             ;
; Disable Register Merging Across Hierarchies                                ; Auto               ; Auto               ;
; Resource Aware Inference For Block RAM                                     ; On                 ; On                 ;
; Synthesis Seed                                                             ; 1                  ; 1                  ;
+----------------------------------------------------------------------------+--------------------+--------------------+


Parallel compilation was disabled, but you have multiple processors available. Enable parallel compilation to reduce compilation time.
+-------------------------------------+
; Parallel Compilation                ;
+----------------------------+--------+
; Processors                 ; Number ;
+----------------------------+--------+
; Number detected on machine ; 4      ;
; Maximum allowed            ; 1      ;
+----------------------------+--------+


+-----------------------------------------------------------------------------------------------------------------------------------------------+
; Analysis & Synthesis Source Files Read                                                                                                        ;
+----------------------------------+-----------------+------------------------------------------+-------------------------------------+---------+
; File Name with User-Entered Path ; Used in Netlist ; File Type                                ; File Name with Absolute Path        ; Library ;
+----------------------------------+-----------------+------------------------------------------+-------------------------------------+---------+
; controller.sv                    ; yes             ; User SystemVerilog HDL File              ; E:/altera/13.0sp1/CA5/controller.sv ;         ;
; mux.sv                           ; yes             ; User SystemVerilog HDL File              ; E:/altera/13.0sp1/CA5/mux.sv        ;         ;
; smbs.sv                          ; yes             ; User SystemVerilog HDL File              ; E:/altera/13.0sp1/CA5/smbs.sv       ;         ;
; shiftreg.sv                      ; yes             ; User SystemVerilog HDL File              ; E:/altera/13.0sp1/CA5/shiftreg.sv   ;         ;
; ca5.bdf                          ; yes             ; Auto-Found Block Diagram/Schematic File  ; E:/altera/13.0sp1/CA5/ca5.bdf       ;         ;
+----------------------------------+-----------------+------------------------------------------+-------------------------------------+---------+


+----------------------------------------------------+
; Analysis & Synthesis Resource Usage Summary        ;
+--------------------------+-------------------------+
; Resource                 ; Usage                   ;
+--------------------------+-------------------------+
; I/O pins                 ; 20                      ;
; DSP block 9-bit elements ; 0                       ;
; Maximum fan-out node     ; controller:inst6|ps.011 ;
; Maximum fan-out          ; 34                      ;
; Total fan-out            ; 549                     ;
; Average fan-out          ; 2.70                    ;
+--------------------------+-------------------------+


+--------------------------------------------------------------------------------------------------------------------------------------------------------------------------------------------+
; Analysis & Synthesis Resource Utilization by Entity                                                                                                                                        ;
+----------------------------+-------------------+--------------+-------------+--------------+---------+-----------+-----------+------+--------------+------------------------+--------------+
; Compilation Hierarchy Node ; LC Combinationals ; LC Registers ; Memory Bits ; DSP Elements ; DSP 9x9 ; DSP 18x18 ; DSP 36x36 ; Pins ; Virtual Pins ; Full Hierarchy Name    ; Library Name ;
+----------------------------+-------------------+--------------+-------------+--------------+---------+-----------+-----------+------+--------------+------------------------+--------------+
; |CA5                       ; 152 (0)           ; 11 (0)       ; 0           ; 0            ; 0       ; 0         ; 0         ; 20   ; 0            ; |CA5                   ; work         ;
;    |SMBSB:inst1|           ; 18 (18)           ; 0 (0)        ; 0           ; 0            ; 0       ; 0         ; 0         ; 0    ; 0            ; |CA5|SMBSB:inst1       ; work         ;
;    |controller:inst6|      ; 133 (133)         ; 5 (5)        ; 0           ; 0            ; 0       ; 0         ; 0         ; 0    ; 0            ; |CA5|controller:inst6  ; work         ;
;    |multiplexer:inst5|     ; 1 (1)             ; 0 (0)        ; 0           ; 0            ; 0       ; 0         ; 0         ; 0    ; 0            ; |CA5|multiplexer:inst5 ; work         ;
;    |shiftreg:inst|         ; 0 (0)             ; 6 (6)        ; 0           ; 0            ; 0       ; 0         ; 0         ; 0    ; 0            ; |CA5|shiftreg:inst     ; work         ;
+----------------------------+-------------------+--------------+-------------+--------------+---------+-----------+-----------+------+--------------+------------------------+--------------+
Note: For table entries with two numbers listed, the numbers in parentheses indicate the number of resources of the given type used by the specific entity alone. The numbers listed outside of parentheses indicate the total resources of the given type used by the specific entity and all of its sub-entities in the hierarchy.


Encoding Type:  One-Hot
+-----------------------------------------------------+
; State Machine - |CA5|controller:inst6|ps            ;
+--------+--------+--------+--------+--------+--------+
; Name   ; ps.011 ; ps.010 ; ps.001 ; ps.000 ; ps.100 ;
+--------+--------+--------+--------+--------+--------+
; ps.000 ; 0      ; 0      ; 0      ; 0      ; 0      ;
; ps.001 ; 0      ; 0      ; 1      ; 1      ; 0      ;
; ps.010 ; 0      ; 1      ; 0      ; 1      ; 0      ;
; ps.011 ; 1      ; 0      ; 0      ; 1      ; 0      ;
; ps.100 ; 0      ; 0      ; 0      ; 1      ; 1      ;
+--------+--------+--------+--------+--------+--------+


+----------------------------------------------------------------------------------------------------------+
; User-Specified and Inferred Latches                                                                      ;
+-----------------------------------------------------+---------------------------+------------------------+
; Latch Name                                          ; Latch Enable Signal       ; Free of Timing Hazards ;
+-----------------------------------------------------+---------------------------+------------------------+
; controller:inst6|Count[6]                           ; controller:inst6|WideOr0  ; yes                    ;
; controller:inst6|Count[7]                           ; controller:inst6|WideOr0  ; yes                    ;
; controller:inst6|Count[8]                           ; controller:inst6|WideOr0  ; yes                    ;
; controller:inst6|Count[9]                           ; controller:inst6|WideOr0  ; yes                    ;
; controller:inst6|Count[10]                          ; controller:inst6|WideOr0  ; yes                    ;
; controller:inst6|Count[11]                          ; controller:inst6|WideOr0  ; yes                    ;
; controller:inst6|Count[12]                          ; controller:inst6|WideOr0  ; yes                    ;
; controller:inst6|Count[13]                          ; controller:inst6|WideOr0  ; yes                    ;
; controller:inst6|Count[14]                          ; controller:inst6|WideOr0  ; yes                    ;
; controller:inst6|Count[15]                          ; controller:inst6|WideOr0  ; yes                    ;
; controller:inst6|Count[16]                          ; controller:inst6|WideOr0  ; yes                    ;
; controller:inst6|Count[17]                          ; controller:inst6|WideOr0  ; yes                    ;
; controller:inst6|Count[18]                          ; controller:inst6|WideOr0  ; yes                    ;
; controller:inst6|Count[19]                          ; controller:inst6|WideOr0  ; yes                    ;
; controller:inst6|Count[20]                          ; controller:inst6|WideOr0  ; yes                    ;
; controller:inst6|Count[21]                          ; controller:inst6|WideOr0  ; yes                    ;
; controller:inst6|Count[22]                          ; controller:inst6|WideOr0  ; yes                    ;
; controller:inst6|Count[23]                          ; controller:inst6|WideOr0  ; yes                    ;
; controller:inst6|Count[24]                          ; controller:inst6|WideOr0  ; yes                    ;
; controller:inst6|Count[25]                          ; controller:inst6|WideOr0  ; yes                    ;
; controller:inst6|Count[26]                          ; controller:inst6|WideOr0  ; yes                    ;
; controller:inst6|Count[27]                          ; controller:inst6|WideOr0  ; yes                    ;
; controller:inst6|Count[28]                          ; controller:inst6|WideOr0  ; yes                    ;
; controller:inst6|Count[29]                          ; controller:inst6|WideOr0  ; yes                    ;
; controller:inst6|Count[30]                          ; controller:inst6|WideOr0  ; yes                    ;
; controller:inst6|Count[31]                          ; controller:inst6|WideOr0  ; yes                    ;
; controller:inst6|dataSize[0]                        ; controller:inst6|Decoder0 ; yes                    ;
; controller:inst6|Count[0]                           ; controller:inst6|WideOr0  ; yes                    ;
; controller:inst6|dataSize[1]                        ; controller:inst6|Decoder0 ; yes                    ;
; controller:inst6|Count[1]                           ; controller:inst6|WideOr0  ; yes                    ;
; controller:inst6|dataSize[2]                        ; controller:inst6|Decoder0 ; yes                    ;
; controller:inst6|Count[2]                           ; controller:inst6|WideOr0  ; yes                    ;
; controller:inst6|dataSize[3]                        ; controller:inst6|Decoder0 ; yes                    ;
; controller:inst6|Count[3]                           ; controller:inst6|WideOr0  ; yes                    ;
; controller:inst6|dataSize[4]                        ; controller:inst6|Decoder0 ; yes                    ;
; controller:inst6|Count[4]                           ; controller:inst6|WideOr0  ; yes                    ;
; controller:inst6|dataSize[5]                        ; controller:inst6|Decoder0 ; yes                    ;
; controller:inst6|Count[5]                           ; controller:inst6|WideOr0  ; yes                    ;
; Number of user-specified and inferred latches = 38  ;                           ;                        ;
+-----------------------------------------------------+---------------------------+------------------------+
Note: All latches listed above may not be present at the end of synthesis due to various synthesis optimizations.


+------------------------------------------------------------+
; Registers Removed During Synthesis                         ;
+---------------------------------------+--------------------+
; Register name                         ; Reason for Removal ;
+---------------------------------------+--------------------+
; controller:inst6|ps~4                 ; Lost fanout        ;
; controller:inst6|ps~5                 ; Lost fanout        ;
; Total Number of Removed Registers = 2 ;                    ;
+---------------------------------------+--------------------+


+------------------------------------------------------+
; General Register Statistics                          ;
+----------------------------------------------+-------+
; Statistic                                    ; Value ;
+----------------------------------------------+-------+
; Total registers                              ; 11    ;
; Number of registers using Synchronous Clear  ; 0     ;
; Number of registers using Synchronous Load   ; 0     ;
; Number of registers using Asynchronous Clear ; 11    ;
; Number of registers using Asynchronous Load  ; 0     ;
; Number of registers using Clock Enable       ; 0     ;
; Number of registers using Preset             ; 0     ;
+----------------------------------------------+-------+


+------------------------------------------------------------------------------------------------------------------------------------------------+
; Multiplexer Restructuring Statistics (Restructuring Performed)                                                                                 ;
+--------------------+-----------+---------------+----------------------+------------------------+------------+----------------------------------+
; Multiplexer Inputs ; Bus Width ; Baseline Area ; Area if Restructured ; Saving if Restructured ; Registered ; Example Multiplexer Output       ;
+--------------------+-----------+---------------+----------------------+------------------------+------------+----------------------------------+
; 4:1                ; 32 bits   ; 64 LEs        ; 32 LEs               ; 32 LEs                 ; No         ; |CA5|controller:inst6|Selector31 ;
+--------------------+-----------+---------------+----------------------+------------------------+------------+----------------------------------+


+-------------------------------+
; Elapsed Time Per Partition    ;
+----------------+--------------+
; Partition Name ; Elapsed Time ;
+----------------+--------------+
; Top            ; 00:00:00     ;
+----------------+--------------+


+-------------------------------+
; Analysis & Synthesis Messages ;
+-------------------------------+
Info: *******************************************************************
Info: Running Quartus II 64-Bit Analysis & Synthesis
    Info: Version 13.0.1 Build 232 06/12/2013 Service Pack 1 SJ Web Edition
    Info: Processing started: Thu Dec 26 08:56:20 2019
Info: Command: quartus_map --read_settings_files=on --write_settings_files=off CA5 -c CA5
Warning (20028): Parallel compilation is not licensed and has been disabled
Info (12021): Found 1 design units, including 1 entities, in source file controller.sv
    Info (12023): Found entity 1: controller
Info (12021): Found 1 design units, including 1 entities, in source file mux.sv
    Info (12023): Found entity 1: multiplexer
Info (12021): Found 1 design units, including 1 entities, in source file smbs.sv
    Info (12023): Found entity 1: SMBSB
Info (12021): Found 1 design units, including 1 entities, in source file shiftreg.sv
    Info (12023): Found entity 1: shiftreg
Warning (12125): Using design file ca5.bdf, which is not specified as a design file for the current project, but contains definitions for 1 design units and 1 entities in project
    Info (12023): Found entity 1: CA5
Info (12127): Elaborating entity "CA5" for the top level hierarchy
Info (12128): Elaborating entity "SMBSB" for hierarchy "SMBSB:inst1"
Info (12128): Elaborating entity "multiplexer" for hierarchy "multiplexer:inst5"
Info (12128): Elaborating entity "controller" for hierarchy "controller:inst6"
Warning (10235): Verilog HDL Always Construct warning at controller.sv(43): variable "dataSize" is read inside the Always Construct but isn't in the Always Construct's Event Control
Warning (10240): Verilog HDL Always Construct warning at controller.sv(6): inferring latch(es) for variable "Count", which holds its previous value in one or more paths through the always construct
Warning (10240): Verilog HDL Always Construct warning at controller.sv(6): inferring latch(es) for variable "dataSize", which holds its previous value in one or more paths through the always construct
Info (10041): Inferred latch for "dataSize[0]" at controller.sv(6)
Info (10041): Inferred latch for "dataSize[1]" at controller.sv(6)
Info (10041): Inferred latch for "dataSize[2]" at controller.sv(6)
Info (10041): Inferred latch for "dataSize[3]" at controller.sv(6)
Info (10041): Inferred latch for "dataSize[4]" at controller.sv(6)
Info (10041): Inferred latch for "dataSize[5]" at controller.sv(6)
Info (10041): Inferred latch for "Count[0]" at controller.sv(6)
Info (10041): Inferred latch for "Count[1]" at controller.sv(6)
Info (10041): Inferred latch for "Count[2]" at controller.sv(6)
Info (10041): Inferred latch for "Count[3]" at controller.sv(6)
Info (10041): Inferred latch for "Count[4]" at controller.sv(6)
Info (10041): Inferred latch for "Count[5]" at controller.sv(6)
Info (10041): Inferred latch for "Count[6]" at controller.sv(6)
Info (10041): Inferred latch for "Count[7]" at controller.sv(6)
Info (10041): Inferred latch for "Count[8]" at controller.sv(6)
Info (10041): Inferred latch for "Count[9]" at controller.sv(6)
Info (10041): Inferred latch for "Count[10]" at controller.sv(6)
Info (10041): Inferred latch for "Count[11]" at controller.sv(6)
Info (10041): Inferred latch for "Count[12]" at controller.sv(6)
Info (10041): Inferred latch for "Count[13]" at controller.sv(6)
Info (10041): Inferred latch for "Count[14]" at controller.sv(6)
Info (10041): Inferred latch for "Count[15]" at controller.sv(6)
Info (10041): Inferred latch for "Count[16]" at controller.sv(6)
Info (10041): Inferred latch for "Count[17]" at controller.sv(6)
Info (10041): Inferred latch for "Count[18]" at controller.sv(6)
Info (10041): Inferred latch for "Count[19]" at controller.sv(6)
Info (10041): Inferred latch for "Count[20]" at controller.sv(6)
Info (10041): Inferred latch for "Count[21]" at controller.sv(6)
Info (10041): Inferred latch for "Count[22]" at controller.sv(6)
Info (10041): Inferred latch for "Count[23]" at controller.sv(6)
Info (10041): Inferred latch for "Count[24]" at controller.sv(6)
Info (10041): Inferred latch for "Count[25]" at controller.sv(6)
Info (10041): Inferred latch for "Count[26]" at controller.sv(6)
Info (10041): Inferred latch for "Count[27]" at controller.sv(6)
Info (10041): Inferred latch for "Count[28]" at controller.sv(6)
Info (10041): Inferred latch for "Count[29]" at controller.sv(6)
Info (10041): Inferred latch for "Count[30]" at controller.sv(6)
Info (10041): Inferred latch for "Count[31]" at controller.sv(6)
Info (12128): Elaborating entity "shiftreg" for hierarchy "shiftreg:inst"
Info (286030): Timing-Driven Synthesis is running
Info (17049): 2 registers lost all their fanouts during netlist optimizations.
Info (16010): Generating hard_block partition "hard_block:auto_generated_inst"
    Info (16011): Adding 0 node(s), including 0 DDIO, 0 PLL, 0 transceiver and 0 LCELL
Info (21057): Implemented 179 device resources after synthesis - the final resource count might be different
    Info (21058): Implemented 4 input pins
    Info (21059): Implemented 16 output pins
    Info (21061): Implemented 159 logic cells
Info: Quartus II 64-Bit Analysis & Synthesis was successful. 0 errors, 5 warnings
    Info: Peak virtual memory: 507 megabytes
    Info: Processing ended: Thu Dec 26 08:56:21 2019
    Info: Elapsed time: 00:00:01
    Info: Total CPU time (on all processors): 00:00:01


